SQL> create table course(
  2  courseid Number(10),
  3  coursename Varchar2(10),
  4  );
)
*
ERROR at line 4:
ORA-00904: : invalid identifier 


SQL> create table course(
  2  courseid Number(10),
  3  coursename Varchar2(10)
  4  );
create table course(
             *
ERROR at line 1:
ORA-00955: name is already used by an existing object 


SQL> create table course1(
  2  courseid Number(10),
  3  coursename Varchar2(10)
  4  );

Table created.

SQL> Alter table course1 Modify courseid Number(10)Primarykey;
Alter table course1 Modify courseid Number(10)Primarykey
                                              *
ERROR at line 1:
ORA-01735: invalid ALTER TABLE option 


SQL> Alter table course1 Modify courseid Number(10)Primary key
  2  
SQL> Alter table course1 Modify courseid Number(10)Primary key;

Table altered.

SQL> create table student1(
  2  student_name Varchar2(20),
  3  student_regno Varchar2(10),
  4  student_courseid Number(10),
  5  student_coursename Varchar2(10),
  6  student_Email Varchar2(30),
  7  student_gender char(3),
  8  student_age Number(3),
  9  );
)
*
ERROR at line 9:
ORA-00904: : invalid identifier 


SQL> create table student1(
  2  student_name Varchar2(20),
  3  student_regno Varchar2(10),
  4  student_courseid Number(10),
  5  student_coursename Varchar2(10),
  6  student_Email Varchar2(30),
  7  student_gender char(3),
  8  student_age Number(3)
  9  );
create table student1(
             *
ERROR at line 1:
ORA-00955: name is already used by an existing object 


SQL> create table student2(
  2  student_name Varchar2(20),
  3  student_regno Varchar2(10),
  4  student_courseid Number(10),
  5  student_coursename Varchar2(10),
  6  student_Email Varchar2(30),
  7  student_gender char(3),
  8  student_age Number(3)
  9  );

Table created.

SQL> Alter table student2 Modify(
  2  student_name Varchar2(20)Not Null,
  3  student_regno Varchar2(10)Primary key,
  4  student_courseid Number(10)References course1(courseid),
  5  student_Email Varchar2(30)Unique,
  6  student_gender char(3)Default'M';
student_gender char(3)Default'M'
                               *
ERROR at line 6:
ORA-00907: missing right parenthesis 


SQL> Alter table student2 Modify(
  2  student_name Varchar2(20)Not Null,
  3  student_regno Varchar2(10)Primary key,
  4  student_courseid Number(10)References course1(courseid),
  5  student_Email Varchar2(30)Unique,
  6  student_gender char(3)Default'M',
  7  Student_age Number(3)Check(student_age>=18));

Table altered.

SQL> INSERT INTO COURSE1 VALUES(01,'CSE');

1 row created.

SQL> INSERT INTO COURSE1 VALUES(02,'MECH');

1 row created.

SQL> INSERT INTO STUDENT2 VALUES('CHANDU',A101,01,'CSE','gchandu2076@mail','M',19);
INSERT INTO STUDENT2 VALUES('CHANDU',A101,01,'CSE','gchandu2076@mail','M',19)
                                     *
ERROR at line 1:
ORA-00984: column not allowed here 


SQL> INSERT INTO STUDENT2 VALUES('CHANDU',101,01,'CSE','gchandu2076@mail','M',19);

1 row created.

SQL> desc student2;
 Name                                      Null?    Type
 ----------------------------------------- -------- ----------------------------
 STUDENT_NAME                              NOT NULL VARCHAR2(20)
 STUDENT_REGNO                             NOT NULL VARCHAR2(10)
 STUDENT_COURSEID                                   NUMBER(10)
 STUDENT_COURSENAME                                 VARCHAR2(10)
 STUDENT_EMAIL                                      VARCHAR2(30)
 STUDENT_GENDER                                     CHAR(3)
 STUDENT_AGE                                        NUMBER(3)

SQL> select*from student2;

STUDENT_NAME         STUDENT_RE STUDENT_COURSEID STUDENT_CO                     
-------------------- ---------- ---------------- ----------                     
STUDENT_EMAIL                  STU STUDENT_AGE                                  
------------------------------ --- -----------                                  
CHANDU               101                       1 CSE                            
gchandu2076@mail               M            19                                  
                                                                                

SQL> INSERT INTO STUDENT2 VALUES('tharish',093,01,'CSE','tharish2076@mail','M',19);

1 row created.

SQL> select*from student2;

STUDENT_NAME         STUDENT_RE STUDENT_COURSEID STUDENT_CO                     
-------------------- ---------- ---------------- ----------                     
STUDENT_EMAIL                  STU STUDENT_AGE                                  
------------------------------ --- -----------                                  
CHANDU               101                       1 CSE                            
gchandu2076@mail               M            19                                  
                                                                                
tharish              93                        1 CSE                            
tharish2076@mail               M            19                                  
                                                                                

SQL> INSERT INTO STUDENT2 VALUES('sudheer',093,02,'MECH','kanna2076@mail','M',19);
INSERT INTO STUDENT2 VALUES('sudheer',093,02,'MECH','kanna2076@mail','M',19)
*
ERROR at line 1:
ORA-00001: unique constraint (A101.SYS_C0031532) violated 


SQL> INSERT INTO STUDENT2 VALUES('sudheer',043,02,'MECH','kanna2076@mail','M',19);

1 row created.

SQL> select*from student2;

STUDENT_NAME         STUDENT_RE STUDENT_COURSEID STUDENT_CO                     
-------------------- ---------- ---------------- ----------                     
STUDENT_EMAIL                  STU STUDENT_AGE                                  
------------------------------ --- -----------                                  
CHANDU               101                       1 CSE                            
gchandu2076@mail               M            19                                  
                                                                                
tharish              93                        1 CSE                            
tharish2076@mail               M            19                                  
                                                                                
sudheer              43                        2 MECH                           
kanna2076@mail                 M            19                                  
                                                                                

SQL> INSERT INTO STUDENT2 VALUES('JAANU',062,01,'CSE','jaanu2076@mail','M',19),
  2  INSERT INTO STUDENT2 VALUES('Bamsi',032,01,'CSE','budda2076@mail','M',19);
INSERT INTO STUDENT2 VALUES('JAANU',062,01,'CSE','jaanu2076@mail','M',19),
                                                                         *
ERROR at line 1:
ORA-00933: SQL command not properly ended 


SQL> INSERT INTO STUDENT2 VALUES('JAANU',062,01,'CSE','jaanu2076@mail','M',19);

1 row created.

SQL> INSERT INTO STUDENT2 VALUES('Bamsi',032,01,'CSE','budda2076@mail','M',19);

1 row created.

SQL> select*from student2;

STUDENT_NAME         STUDENT_RE STUDENT_COURSEID STUDENT_CO                     
-------------------- ---------- ---------------- ----------                     
STUDENT_EMAIL                  STU STUDENT_AGE                                  
------------------------------ --- -----------                                  
CHANDU               101                       1 CSE                            
gchandu2076@mail               M            19                                  
                                                                                
tharish              93                        1 CSE                            
tharish2076@mail               M            19                                  
                                                                                
sudheer              43                        2 MECH                           
kanna2076@mail                 M            19                                  
                                                                                

STUDENT_NAME         STUDENT_RE STUDENT_COURSEID STUDENT_CO                     
-------------------- ---------- ---------------- ----------                     
STUDENT_EMAIL                  STU STUDENT_AGE                                  
------------------------------ --- -----------                                  
JAANU                62                        1 CSE                            
jaanu2076@mail                 M            19                                  
                                                                                
Bamsi                32                        1 CSE                            
budda2076@mail                 M            19                                  
                                                                                

SQL> INSERT INTO STUDENT2 VALUES('vishnu',062,01,'CSE','manga2076@mail','M',19);
INSERT INTO STUDENT2 VALUES('vishnu',062,01,'CSE','manga2076@mail','M',19)
*
ERROR at line 1:
ORA-00001: unique constraint (A101.SYS_C0031532) violated 


SQL> INSERT INTO STUDENT2 VALUES('jishnu',032,01,'CSE','jish2076@mail','M',19);
INSERT INTO STUDENT2 VALUES('jishnu',032,01,'CSE','jish2076@mail','M',19)
*
ERROR at line 1:
ORA-00001: unique constraint (A101.SYS_C0031532) violated 


SQL> INSERT INTO STUDENT2 VALUES('sancy',041,01,'CSE','sancy2076@mail','M',19);

1 row created.

SQL> select*fromstudent2;
select*fromstudent2
       *
ERROR at line 1:
ORA-00923: FROM keyword not found where expected 


SQL> select*from student2;

STUDENT_NAME         STUDENT_RE STUDENT_COURSEID STUDENT_CO                     
-------------------- ---------- ---------------- ----------                     
STUDENT_EMAIL                  STU STUDENT_AGE                                  
------------------------------ --- -----------                                  
CHANDU               101                       1 CSE                            
gchandu2076@mail               M            19                                  
                                                                                
tharish              93                        1 CSE                            
tharish2076@mail               M            19                                  
                                                                                
sudheer              43                        2 MECH                           
kanna2076@mail                 M            19                                  
                                                                                

STUDENT_NAME         STUDENT_RE STUDENT_COURSEID STUDENT_CO                     
-------------------- ---------- ---------------- ----------                     
STUDENT_EMAIL                  STU STUDENT_AGE                                  
------------------------------ --- -----------                                  
JAANU                62                        1 CSE                            
jaanu2076@mail                 M            19                                  
                                                                                
Bamsi                32                        1 CSE                            
budda2076@mail                 M            19                                  
                                                                                
sancy                41                        1 CSE                            
sancy2076@mail                 M            19                                  
                                                                                

6 rows selected.

SQL> INSERT INTO STUDENT2 VALUES('vishnu',055,01,'CSE','manga2076@mail','M',19);

1 row created.

SQL> INSERT INTO STUDENT2 VALUES('jishnu',032,01,'CSE','jish2076@mail','M',19);
INSERT INTO STUDENT2 VALUES('jishnu',032,01,'CSE','jish2076@mail','M',19)
*
ERROR at line 1:
ORA-00001: unique constraint (A101.SYS_C0031532) violated 


SQL> INSERT INTO STUDENT2 VALUES('jishnu',066,01,'CSE','jish2076@mail','M',19);

1 row created.

SQL> select*from student2;

STUDENT_NAME         STUDENT_RE STUDENT_COURSEID STUDENT_CO                     
-------------------- ---------- ---------------- ----------                     
STUDENT_EMAIL                  STU STUDENT_AGE                                  
------------------------------ --- -----------                                  
CHANDU               101                       1 CSE                            
gchandu2076@mail               M            19                                  
                                                                                
tharish              93                        1 CSE                            
tharish2076@mail               M            19                                  
                                                                                
sudheer              43                        2 MECH                           
kanna2076@mail                 M            19                                  
                                                                                

STUDENT_NAME         STUDENT_RE STUDENT_COURSEID STUDENT_CO                     
-------------------- ---------- ---------------- ----------                     
STUDENT_EMAIL                  STU STUDENT_AGE                                  
------------------------------ --- -----------                                  
JAANU                62                        1 CSE                            
jaanu2076@mail                 M            19                                  
                                                                                
Bamsi                32                        1 CSE                            
budda2076@mail                 M            19                                  
                                                                                
sancy                41                        1 CSE                            
sancy2076@mail                 M            19                                  
                                                                                

STUDENT_NAME         STUDENT_RE STUDENT_COURSEID STUDENT_CO                     
-------------------- ---------- ---------------- ----------                     
STUDENT_EMAIL                  STU STUDENT_AGE                                  
------------------------------ --- -----------                                  
vishnu               55                        1 CSE                            
manga2076@mail                 M            19                                  
                                                                                
jishnu               66                        1 CSE                            
jish2076@mail                  M            19                                  
                                                                                

8 rows selected.

SQL> INSERT INTO STUDENT2 VALUES('gemesh',300,01,'CSE','game2076@mail','M',19);

1 row created.

SQL> INSERT INTO STUDENT2 VALUES('bhai',310,01,'CSE','bhai2076@mail','M',19);

1 row created.

SQL> select*from student2;

STUDENT_NAME         STUDENT_RE STUDENT_COURSEID STUDENT_CO                     
-------------------- ---------- ---------------- ----------                     
STUDENT_EMAIL                  STU STUDENT_AGE                                  
------------------------------ --- -----------                                  
CHANDU               101                       1 CSE                            
gchandu2076@mail               M            19                                  
                                                                                
tharish              93                        1 CSE                            
tharish2076@mail               M            19                                  
                                                                                
sudheer              43                        2 MECH                           
kanna2076@mail                 M            19                                  
                                                                                

STUDENT_NAME         STUDENT_RE STUDENT_COURSEID STUDENT_CO                     
-------------------- ---------- ---------------- ----------                     
STUDENT_EMAIL                  STU STUDENT_AGE                                  
------------------------------ --- -----------                                  
JAANU                62                        1 CSE                            
jaanu2076@mail                 M            19                                  
                                                                                
Bamsi                32                        1 CSE                            
budda2076@mail                 M            19                                  
                                                                                
sancy                41                        1 CSE                            
sancy2076@mail                 M            19                                  
                                                                                

STUDENT_NAME         STUDENT_RE STUDENT_COURSEID STUDENT_CO                     
-------------------- ---------- ---------------- ----------                     
STUDENT_EMAIL                  STU STUDENT_AGE                                  
------------------------------ --- -----------                                  
vishnu               55                        1 CSE                            
manga2076@mail                 M            19                                  
                                                                                
jishnu               66                        1 CSE                            
jish2076@mail                  M            19                                  
                                                                                
gemesh               300                       1 CSE                            
game2076@mail                  M            19                                  
                                                                                

STUDENT_NAME         STUDENT_RE STUDENT_COURSEID STUDENT_CO                     
-------------------- ---------- ---------------- ----------                     
STUDENT_EMAIL                  STU STUDENT_AGE                                  
------------------------------ --- -----------                                  
bhai                 310                       1 CSE                            
bhai2076@mail                  M            19                                  
                                                                                

10 rows selected.

SQL> spool off
