SQL> create table chandu (
  2  empid Number(101),
  3  ename Varchar2(5);
empid Number(101),
             *
ERROR at line 2:
ORA-01727: numeric precision specifier is out of range (1 to 38) 


SQL> empid Number(11),
SP2-0734: unknown command beginning "empid Numb..." - rest of line ignored.
SQL> create table chandu (
  2  empid Number(101),
  3  
SQL> 
SQL> 
SQL> create table chandu (
  2  empid Number(01),
  3  ename Varchar2(5);
ename Varchar2(5)
                *
ERROR at line 3:
ORA-00907: missing right parenthesis 


SQL> create table chandu (
  2  empid Number(11),
  3  ename Varchar2(5));

Table created.

SQL> spool off
